<!DOCTYPE html>
<html>
<head>
    <title>Invalid TeX Expression</title>
</head>
<body>

<div>
    <!-- Very, Very Invalid -->
    <script type="math/tex">\undeefyned{spelling{}{}}}}}}!@#$%^&I^I@#$#^$</script>
    $\wut{spelling?{}{}}}}}}!@#$%^&I^I@#$#^$$
</div>

</body>
</html>