This represents a blank file.
If these lines are still here, then everything is okay.
