<!DOCTYPE html>
<html>
<head>
    <title>MathML Rendering</title>
</head>
<body>

<math xmlns="http://www.w3.org/1998/Math/MathML" display="block"><msubsup><mo stretchy="false">∫</mo><mn>0</mn><mn>6</mn></msubsup><mfrac><mrow><mn>5</mn><mi>x</mi></mrow><mn>3</mn></mfrac><mi>d</mi><mi>x</mi></math>
<math xmlns="http://www.w3.org/1998/Math/MathML" display="block"><msubsup><mo stretchy="false">∫</mo><mn>0</mn><mn>6</mn></msubsup><mfrac><mrow><mn>5</mn><mi>e</mi><mi>x</mi></mrow><mn>3</mn></mfrac><mi>d</mi><mi>e</mi><mi>x</mi></math>

</body>
</html>